yarn run v1.22.22
$ jest 'frontend/www/js/.*test\.ts$' frontend/www/js/omegaup/components/problem/creator/statement/StatementTab.test.ts
node.exe : 
Browserslist: 
caniuse-lite is 
outdated. Please run:
At C:\Users\vivek\App
Data\Roaming\npm\yarn
.ps1:24 char:5
+     & "node$exe"  "
$basedir/node_modules
/yarn/bin/yarn.js" 
$args
+     ~~~~~~~~~~~~~~~
~~~~~~~~~~~~~~~~~~~~~
~~~~~~~~~~~~~~~~~~~~~
~~~
    + CategoryInfo   
           : NotSpe  
  cified: (Browser   
 slist: c...ed. P    
lease run::Strin    
g) [], RemoteExc    
eption
    + FullyQualified 
   ErrorId : Native  
  CommandError
 
npx 
browserslist@latest 
--update-db

Why you should do it 
regularly:
https://github.com/br
owserslist/browsersli
st#browsers-data-upda
ting
FAIL frontend/www/js/
omegaup/components/pr
oblem/creator/stateme
nt/StatementTab.test.
ts
  ΓùÅ Test suite 
failed to run

    Configuration 
error:

    Could not locate 
module @/third_party/
js/pagedown/Markdown.
Editor.js mapped as:
    C:\Users\vivek\Pi
ctures\winter-of-cont
ributing-viveksahu\fr
ontend\www\$1.

    Please check 
your configuration 
for these entries:
    {
      
"moduleNameMapper": {
        
"/^@\/(.*)$/": "C:\Us
ers\vivek\Pictures\wi
nter-of-contributing-
viveksahu\frontend\ww
w\$1"
      },
      "resolver": 
undefined
    }

      29 | <script 
lang="ts">
      30 | import { 
Vue, Component, 
Prop, Ref, Watch } 
from 'vue-property-de
corator';
    > 31 | import * 
as Markdown from '@/t
hird_party/js/pagedow
n/Markdown.Editor.js'
;
         | ^
      32 | import * 
as markdown from '../
../../../markdown';
      33 | import T 
from 
'../../../../lang';
      34 | import * 
as ui from 
'../../../../ui';

      at createNoMapp
edModuleFoundError (n
ode_modules/jest-reso
lve/build/index.js:55
1:17)
      at frontend/www
/js/omegaup/component
s/problem/creator/sta
tement/StatementTab.v
ue:31:1
      at 
Object.<anonymous> (f
rontend/www/js/omegau
p/components/problem/
creator/statement/Sta
tementTab.vue:73:3)

Test Suites: 1 
failed, 1 total
Tests:       0 total
Snapshots:   0 total
Time:        3.082 s
Ran all test suites 
matching /'frontend\\
www\\js\\.*test\.ts$'
|frontend\\www\\js\\o
megaup\\components\\p
roblem\\creator\\stat
ement\\StatementTab.t
est.ts/i.
error Command failed 
with exit code 1.
info Visit https://yarnpkg.com/en/docs/cli/run for documentation about this command.
